
> frontend@0.0.0 build
> vite build

[36mvite v8.0.0 [32mbuilding client environment for production...[36m[39m
[2K
node.exe : [33m[vite:c
ss][postcss] @import 
must precede all other 
statements (besides 
@charset or empty 
@layer)
At C:\Program Files\nod
ejs\npm.ps1:29 char:3
+   & $NODE_EXE 
$NPM_CLI_JS $args
+   ~~~~~~~~~~~~~~~~~~~
~~~~~~~~~~
    + CategoryInfo     
         : NotSpecifi  
  ed: ([33m[vite:cs   
 s]...r empty @laye    
r):String) [], Rem    
oteException
    + FullyQualifiedEr 
   rorId : NativeComm  
  andError
 
17 |  }
18 |  
19 |  @import 
"tailwindcss";
   |  
^^^^^^^^^^^^^^^^^^^^^^
20 |  
21 |  @theme {[39m
transforming...Γ£ô 29 modules transformed.
[33m[lightningcss 
minify] Unknown at 
rule: @theme
17 |  }
18 |  
19 |  @theme {
   |        ^
20 |    
--color-brand-50: 
#e8f5e9;
21 |    
--color-brand-100: 
#c8e6c9;[39m
[33m[lightningcss 
minify] Unknown at 
rule: @apply
40 |    
41 |    body {
42 |      @apply 
bg-gray-50 
text-gray-900 
antialiased;
   |            ^
43 |    }
44 |  }[39m
[33m[lightningcss 
minify] Unknown at 
rule: @apply
46 |  @layer 
components {
47 |    .btn-primary {
48 |      @apply 
bg-brand-700 
hover:bg-brand-800 
text-white font-medium 
py-3 px-6 rounded-xl 
transition-all 
shadow-sm activ...
   |            ^
49 |    }
50 |    [39m
[33m[lightningcss 
minify] Unknown at 
rule: @apply
50 |    
51 |    .card-hover {
52 |      @apply 
transition-all 
duration-300 
hover:shadow-soft 
hover:-translate-y-1;
   |            ^
53 |    }
54 |  }[39m
rendering chunks...
computing gzip size...
dist/index.html                   0.51 kB Γöé gzip:  0.33 kB
dist/assets/index-Bu0raP8M.css    2.44 kB Γöé gzip:  1.08 kB
dist/assets/index-PMBATO-h.js   232.09 kB Γöé gzip: 68.75 kB

[31mΓ£ù[39m Build 
failed in 203ms
[31merror during 
build:
[31mBuild failed with 
1 error:

Error: [vite]: 
Rolldown failed to 
resolve import 
"react-router-dom" 
from "C:/Users/parth/On
eDrive/Desktop/APP/fron
tend/src/App.jsx".
This is most likely 
unintended because it 
can break your 
application at runtime.
If you do want to 
externalize this 
module explicitly add 
it to
`build.rollupOptions.ex
ternal`
    at viteLog (file://
/C:/Users/parth/OneDriv
e/Desktop/APP/frontend/
node_modules/vite/dist/
node/chunks/node.js:328
87:57)
    at file:///C:/Users
/parth/OneDrive/Desktop
/APP/frontend/node_modu
les/vite/dist/node/chun
ks/node.js:32923:71
    at onwarn (file:///
C:/Users/parth/OneDrive
/Desktop/APP/frontend/n
ode_modules/@vitejs/plu
gin-react/dist/index.js
:40:7)
    at file:///C:/Users
/parth/OneDrive/Desktop
/APP/frontend/node_modu
les/vite/dist/node/chun
ks/node.js:32923:28
    at onRollupLog (fil
e:///C:/Users/parth/One
Drive/Desktop/APP/front
end/node_modules/vite/d
ist/node/chunks/node.js
:32918:63)
    at onLog (file:///C
:/Users/parth/OneDrive/
Desktop/APP/frontend/no
de_modules/vite/dist/no
de/chunks/node.js:32688
:4)
    at file:///C:/Users
/parth/OneDrive/Desktop
/APP/frontend/node_modu
les/rolldown/dist/share
d/rolldown-build-4YnQkA
76.mjs:49:26
    at logger (file:///
C:/Users/parth/OneDrive
/Desktop/APP/frontend/n
ode_modules/rolldown/di
st/shared/rolldown-buil
d-4YnQkA76.mjs:40:3)
    at onLog (file:///C
:/Users/parth/OneDrive/
Desktop/APP/frontend/no
de_modules/rolldown/dis
t/shared/bindingify-inp
ut-options-Cu7pt6SZ.mjs
:1945:32)[31m
    at aggregateBinding
ErrorsIntoJsError (file
:///C:/Users/parth/OneD
rive/Desktop/APP/fronte
nd/node_modules/rolldow
n/dist/shared/error-CP8
smW_P.mjs:48:18)
    at 
unwrapBindingResult (fi
le:///C:/Users/parth/On
eDrive/Desktop/APP/fron
tend/node_modules/rolld
own/dist/shared/error-C
P8smW_P.mjs:18:128)
    at #build (file:///
C:/Users/parth/OneDrive
/Desktop/APP/frontend/n
ode_modules/rolldown/di
st/shared/rolldown-buil
d-4YnQkA76.mjs:3311:34)
    at async 
buildEnvironment (file:
///C:/Users/parth/OneDr
ive/Desktop/APP/fronten
d/node_modules/vite/dis
t/node/chunks/node.js:3
2794:64)
    at async 
Object.build (file:///C
:/Users/parth/OneDrive/
Desktop/APP/frontend/no
de_modules/vite/dist/no
de/chunks/node.js:33216
:19)
    at async 
Object.buildApp (file:/
//C:/Users/parth/OneDri
ve/Desktop/APP/frontend
/node_modules/vite/dist
/node/chunks/node.js:33
213:153)
    at async 
CAC.<anonymous> (file:/
//C:/Users/parth/OneDri
ve/Desktop/APP/frontend
/node_modules/vite/dist
/node/cli.js:778:3) {
  errors: 
[Getter/Setter]
}[39m
